root@181df0cbaaa3:~/gitlab-runner/hs_mlperf# python3 multi_get.py 
BiT_fp32_41 : fp16,参数量ath: private_model_zoo/Kuaishou/BiT/bit.onnxM,BiT_fp32_41
EfficientNetV2_s : fp16,参数量19.29M,EfficientNetV2_s
FCOS : fp16,参数量30.85M,FCOS
HRNet_pose_resnet50 : fp16,参数量32.4M,HRNet_pose_resnet50
PSEnet : fp16,参数量27.39M,PSEnet
ViT_fp32_41 : fp16,参数量ath: private_model_zoo/Kuaishou/ViT/clip_vit.onnxM,ViT_fp32_41
centernet_x : fp16,参数量ath: model_zoo/models/centernet_x/centernet_N.onnxM,centernet_x
cmcc_mobilenetv3 : fp16,参数量2.41M,cmcc_mobilenetv3
cnn_onnx_fp32_11 : fp16,参数量68.96M,cnn_onnx_fp32_11
conformer_ctc_zh_trail_3098504_iter_18000_fp32_11 : fp16,参数量1.2M,conformer_ctc_zh_trail_3098504_iter_18000_fp32_11
conformer_pt_fp32_11 : fp16,参数量17.85M,conformer_pt_fp32_11
content_classify_onnx_fp32_31 : fp16,参数量ath: private_model_zoo/ctyun/content_classify/content_classify.onnxM,content_classify_onnx_fp32_31
cv_model_01_fp32_11 : fp16,参数量22.75M,cv_model_01_fp32_11
cv_model_02_fp32_11 : fp16,参数量22.47M,cv_model_02_fp32_11
cv_model_03_fp32_11 : fp16,参数量22.47M,cv_model_03_fp32_11
db_res18_epoach123_up20 : fp16,参数量ath: private_model_zoo/ctyun/db_res18_epoach123_up20/db_res18_epoach123_up20_modify.onnxM,db_res18_epoach123_up20
deeplabv3 : fp16,参数量ath: model_zoo/models/deeplabv3/deeplabv3.onnxM,deeplabv3
densenet121 : fp16,参数量ath: model_zoo/models/densenet/inference/tensorflow/densenet121.h5M,densenet121
douyin_tongcheng_0819_fp32_11 : fp16,参数量10.66M,douyin_tongcheng_0819_fp32_11
efficientnet_b0_onnx_fp32_21 : fp16,参数量3.86M,efficientnet_b0_onnx_fp32_21
efficientnet_b0_tf_fp32 : fp16,参数量5.02M,efficientnet_b0_tf_fp32
efficientnet_b1_tf_fp32 : fp16,参数量7.4M,efficientnet_b1_tf_fp32
efficientnet_b5_tf_fp32 : fp16,参数量28.9M,efficientnet_b5_tf_fp32
efficientnetv2_yidong : fp16,参数量ath: benchmark/gpu_onnx_model/open_model/efficientnetv2_yidong/efficientnetv2_t_agc-3620981a.onnxM,efficientnetv2_yidong
face_bbox_landmark_dets_onnx_fp32_31 : fp16,参数量ath: private_model_zoo/ctyun/face_bbox_landmark_dets_20220420/face_bbox_landmark_dets_20220420.onnxM,face_bbox_landmark_dets_onnx_fp32_31
facenet : fp16,参数量ath: model_zoo/models/facenet/facenet_160_160.onnxM,facenet
fairface : fp16,参数量ath: private_model_zoo/ctyun/fairface/race_7_b32.onnx
origin line:Total                 _                  117,560,721,984  100%        1,136,920,832  100%               0  100%        _              _M,fairface
fairmot : fp16,参数量4.77M,fairmot
fast_reid : fp16,参数量ath: private_model_zoo/ctyun/fast_reid/BoT_R50-ibn_8_span.onnx
origin line:Total          _                      32,764,116,992  100%        747,896,832  100%               0  100%        _            _M,fast_reid
glean : fp16,参数量ath: private_model_zoo/ctyun/glean/glean_cat_8x.onnxM,glean
goods_tag_fashion_gender_fp32_11 : fp16,参数量22.47M,goods_tag_fashion_gender_fp32_11
hastag_douyin_fp32_11 : fp16,参数量23.97M,hastag_douyin_fp32_11
hotsoon_live_v6_turbo_fp32_11 : fp16,参数量22.47M,hotsoon_live_v6_turbo_fp32_11
hotsoon_live_v8_fp32_11 : fp16,参数量22.55M,hotsoon_live_v8_fp32_11
inception_v3_tf : fp16,参数量ath: model_zoo/models/inception/inference/tensorflow/frozen_inception_v3_by_tf_modelzoo.pb
origin line:Total   _                    0  100%               0  100%               0  100%        _          _M,inception_v3_tf
mask_rcnn : fp16,参数量8.18M,mask_rcnn
mobilenet_v2 : fp16,参数量ath: model_zoo/models/mobilenet-v2/inference/tensorflow/mobilenet_v2_1.4_224_frozen.pb
origin line:Total   _                    0  100%               0  100%               0  100%        _          _M,mobilenet_v2
multi_task_resnet_onnx_fp32_21 : fp16,参数量22.41M,multi_task_resnet_onnx_fp32_21
pose_hrnet_w32 : fp16,参数量27.19M,pose_hrnet_w32
pose_hrnet_w48 : fp16,参数量60.61M,pose_hrnet_w48
rec_0530_add_onnx_fp32_31 : fp16,参数量ath: private_model_zoo/ctyun/rec_0530_add/rec_0530_add.onnxM,rec_0530_add_onnx_fp32_31
regnet_quan_hist_mask_fp32_11 : fp16,参数量8.05M,regnet_quan_hist_mask_fp32_11
regnet_quan_hist_mask_live_fp32_11 : fp16,参数量7.98M,regnet_quan_hist_mask_live_fp32_11
resnet101 : fp16,参数量ath: model_zoo/models/resnet101/inference/keras/resnet101_keras.h5M,resnet101
resnet34 : fp16,参数量ath: model_zoo/models/resnet-34/inference/keras/resnet34_keras.h5M,resnet34
resnet50 : fp16,参数量ath: model_zoo/models/resnet50/inference/tensorflow/resnet-50_v2.pb
origin line:Total   _                    0  100%               0  100%               0  100%        _          _M,resnet50
resnet50-torchvision-v0_10_0 : fp16,参数量ath: private_model_zoo/ct-jicai/resnet50-torchvision-v0_10_0/resnet50-torchvision-v0_10_0.onnxM,resnet50-torchvision-v0_10_0
resnet50_fcnn_onnx_fp32_11 : fp16,参数量15.52M,resnet50_fcnn_onnx_fp32_11
resnet50_hotsoon_tf_fp32_11 : fp16,参数量33.84M,resnet50_hotsoon_tf_fp32_11
resnet50_onnx_fp32_11 : fp16,参数量45.05M,resnet50_onnx_fp32_11
resnet50_onnx_fp32_21 : fp16,参数量ath: private_model_zoo/jd/resnet50/resnet50_onnx_fp32_21.onnxM,resnet50_onnx_fp32_21
resnet50_pt_fp32 : fp16,参数量24.35M,resnet50_pt_fp32
resnet50_pt_fp32_10 : fp16,参数量ath: model_zoo/models/resnet50/torch_fp32/open_resnet50-torch-fp32.onnxM,resnet50_pt_fp32_10
resnet50_pt_fp32_11 : fp16,参数量24.97M,resnet50_pt_fp32_11
resnet50_shape160 : fp16,参数量24.44M,resnet50_shape160
resnet50_tf_fp16 : fp16,参数量ath: model_zoo/models/resnet50/inference/tensorflow/open_resnet50-tf-fp16.pb
origin line:Total   _                    0  100%               0  100%               0  100%        _          _M,resnet50_tf_fp16
resnet50_tf_fp32 : fp16,参数量ath: model_zoo/models/resnet50/inference/tensorflow/open_resnet50-tf-fp32.pb
origin line:Total   _                    0  100%               0  100%               0  100%        _          _M,resnet50_tf_fp32
resnet50_v1p5 : fp16,参数量ath: model_zoo/models/resnet50/inference/tensorflow/resnet50_v1_5.pb
origin line:Total   _                    0  100%               0  100%               0  100%        _          _M,resnet50_v1p5
resnet50_v2 : fp16,参数量24.41M,resnet50_v2
resnet50_yidong : fp16,参数量22.58M,resnet50_yidong
resnext50_800_800_b1 : fp16,参数量35.41M,resnext50_800_800_b1
retinaface_resnet50 : fp16,参数量26.0M,retinaface_resnet50
retinanet_resnet50_fpn : fp16,参数量ath: benchmark/gpu_onnx_model/open_model/retinanet/retinanet_resnet50_fpn.onnxM,retinanet_resnet50_fpn
seresnext : fp16,参数量26.25M,seresnext
seresnext_onnx_fp32_21 : fp16,参数量24.31M,seresnext_onnx_fp32_21
shufflenet_v2_x1_0 : fp16,参数量2.17M,shufflenet_v2_x1_0
slowfast : fp16,参数量32.85M,slowfast
smoke_hotsoon_live_v2_fp32_11 : fp16,参数量22.47M,smoke_hotsoon_live_v2_fp32_11
ssd300 : fp16,参数量6.5M,ssd300
swin_transformer : fp16,参数量ath: model_zoo/models/swin_transformer/swin-transformer-batch-N-optimize.onnxM,swin_transformer
swin_transformer_s : fp16,参数量48.1M,swin_transformer_s
tsm_sthv2 : fp16,参数量22.73M,tsm_sthv2
unet_2D : fp16,参数量ath: model_zoo/models/2D_Unet/Unet-N.onnxM,unet_2D
unet_3D : fp16,参数量29.75M,unet_3D
vgg16 : fp16,参数量ath: model_zoo/models/vgg-16/inference/tensorflow/tf-vgg-16.pb
origin line:Total   _                    0  100%               0  100%               0  100%        _          _M,vgg16
video_jitter_fp32_11 : fp16,参数量22.47M,video_jitter_fp32_11
vision_transformer : fp16,参数量ath: model_zoo/models/vision_transformer/vit_base_patch16_224_N.onnxM,vision_transformer
xigua_mp_cls3_fpn_fp32_11 : fp16,参数量25.04M,xigua_mp_cls3_fpn_fp32_11
yolov3_cmcc : fp16,参数量ath: model_zoo/models/yolov3/inference/tensorflow/yolov3_coco_cmcc.pb
origin line:Total   _                    0  100%               0  100%               0  100%        _          _M,yolov3_cmcc
yolov5_640_480 : fp16,参数量ath: model_zoo/models/yolov5/640_480/yolov5s_2_640_480.pb
origin line:Total   _                    0  100%               0  100%               0  100%        _          _M,yolov5_640_480
yolov5_768_768 : fp16,参数量ath: model_zoo/models/yolov5/768_768/yolov5s_2_768_768.pb
origin line:Total   _                    0  100%               0  100%               0  100%        _          _M,yolov5_768_768
yolov5_960_960 : fp16,参数量7.11M,yolov5_960_960
yolov5m_640_640 : fp16,参数量ath: model_zoo/models/yolov5/yolov5m/yolov5m.onnxM,yolov5m_640_640
yolov5s_640_640 : fp16,参数量ath: model_zoo/models/yolov5/640_640/yolov5s_N_640_640.onnxM,yolov5s_640_640
yolov5s_v5_0 : fp16,参数量ath: private_model_zoo/ct-jicai/yolov5s_v5_0/yolov5s.onnxM,yolov5s_v5_0
root@181df0cbaaa3:~/gitlab-runner/hs_mlperf# python3 get_para.py -m yolov5s_v5_0
model_path: private_model_zoo/ct-jicai/yolov5s_v5_0/yolov5s.onnx
Traceback (most recent call last):
  File "get_para.py", line 67, in <module>
    get_onnx_params(model_path,model_name,out_dir)
  File "get_para.py", line 46, in get_onnx_params
    onnx_tool.model_profile(model_path,save_profile=save_file)
  File "/usr/local/lib/python3.7/dist-packages/onnx_tool/__init__.py", line 84, in model_profile
    g.shape_infer(dynamic_shapes)
  File "/usr/local/lib/python3.7/dist-packages/onnx_tool/graph.py", line 975, in shape_infer
    f"The input tensor {tname}'s shape {self.tensormap[tname].shape2str()} is not valid, Please set it to a valid shape.")
ValueError: The input tensor images's shape [batch,3,height,width] is not valid, Please set it to a valid shape.
root@181df0cbaaa3:~/gitlab-runner/hs_mlperf# python3 get_para.py -m yolov5s_v5_0
model_path: private_model_zoo/ct-jicai/yolov5s_v5_0/yolov5s.onnx
Traceback (most recent call last):
  File "get_para.py", line 67, in <module>
    get_onnx_params(model_path,model_name,out_dir)
  File "get_para.py", line 46, in get_onnx_params
    onnx_tool.model_profile(model_path,save_profile=save_file)
  File "/usr/local/lib/python3.7/dist-packages/onnx_tool/__init__.py", line 84, in model_profile
    g.shape_infer(dynamic_shapes)
  File "/usr/local/lib/python3.7/dist-packages/onnx_tool/graph.py", line 975, in shape_infer
    f"The input tensor {tname}'s shape {self.tensormap[tname].shape2str()} is not valid, Please set it to a valid shape.")
ValueError: The input tensor images's shape [batch,3,height,width] is not valid, Please set it to a valid shape.
root@181df0cbaaa3:~/gitlab-runner/hs_mlperf# ^C
root@181df0cbaaa3:~/gitlab-runner/hs_mlperf# python3 multi_get.py 
albert_128 : fp16,参数量ath: model_zoo/models/albert/albert_base_mrpc_128_8_without_iter.pb
origin line:Total   _                    0  100%               0  100%               0  100%        _          _M,albert_128
albert_384_pt_fp32 : fp16,参数量ath: model_zoo/models/albert/open_albert-torch-fp32.onnxM,albert_384_pt_fp32
albert_base_zh_pt : fp16,参数量ath: model_zoo/models/albert/albert_base_zh.onnxM,albert_base_zh_pt
albert_large_zh_pt : fp16,参数量ath: model_zoo/models/albert/albert_large_zh.onnxM,albert_large_zh_pt
albert_small_zh_pt : fp16,参数量ath: model_zoo/models/albert/albert_small_zh.onnxM,albert_small_zh_pt
albert_tiny_zh_pt : fp16,参数量ath: model_zoo/models/albert/albert_tiny_zh.onnxM,albert_tiny_zh_pt
aweme_video_medical_mm : fp16,参数量58.55M,aweme_video_medical_mm
bert-base-384_squad : fp16,参数量ath: model_zoo/models/bert_base/inference/tensorflow/bert-base-384_squad.onnxM,bert-base-384_squad
bert-bilstm : fp16,参数量ath: private_model_zoo/ctyun/bert-bilstm/bert-bilstm_8.onnx
origin line:Total            _           609,452,611,520  100%        17,763,092,928  100%               0  100%        _             _M,bert-bilstm
bert_128 : fp16,参数量ath: model_zoo/models/bert_base/inference/tensorflow/bert128_8-classifier_without_iter.pb
origin line:Total   _                    0  100%               0  100%               0  100%        _          _M,bert_128
bert_128_cut : fp16,参数量6.86M,bert_128_cut
bert_128_mixin_asr_end2end : fp16,参数量100.98M,bert_128_mixin_asr_end2end
bert_256 : fp16,参数量ath: model_zoo/models/bert_base/inference/tensorflow/bert256_4-classifier_without_iter.pb
origin line:Total   _                    0  100%               0  100%               0  100%        _          _M,bert_256
bert_256_fever_review_nlp_e2e_eco_rate : fp16,参数量141.54M,bert_256_fever_review_nlp_e2e_eco_rate
bert_384_pt_fp32 : fp16,参数量ath: model_zoo/models/bert_torch/bert_fp32.ptM,bert_384_pt_fp32
bert_384_pt_fp32_10 : fp16,参数量103.85M,bert_384_pt_fp32_10
bert_384_tf_fp16 : fp16,参数量ath: model_zoo/models/bert_base/inference/tensorflow/open_bert-tf-fp16.pb
origin line:Total   _                    0  100%               0  100%               0  100%        _          _M,bert_384_tf_fp16
bert_384_tf_fp32 : fp16,参数量ath: model_zoo/models/bert_base/inference/tensorflow/open_bert-tf-fp32.pb
origin line:Total   _                    0  100%               0  100%               0  100%        _          _M,bert_384_tf_fp32
bert_512 : fp16,参数量ath: model_zoo/models/bert_base/inference/tensorflow/bert512_2-classifier_without_iter.pb
origin line:Total   _                    0  100%               0  100%               0  100%        _          _M,bert_512
bert_classify_45_huggingface : fp16,参数量104.09M,bert_classify_45_huggingface
bert_large_384_fp32 : fp16,参数量ath: model_zoo/models/bert_large/bert_large_squad384_fp32.onnxM,bert_large_384_fp32
bvrbert_tf_fp16_11 : fp16,参数量76.96M,bvrbert_tf_fp16_11
chinese_bert_wwm_ext : fp16,参数量96.97M,chinese_bert_wwm_ext
chinese_xlnet_base : fp16,参数量ath: model_zoo/models/chinese_xlnet_base/chinese_xlnet_base_batch1.onnxM,chinese_xlnet_base
cmcc_bert_base_chinese : fp16,参数量96.97M,cmcc_bert_base_chinese
cmcc_bert_base_tnews : fp16,参数量98.66M,cmcc_bert_base_tnews
deberta_seq64_lay6 : fp16,参数量ath: model_zoo/models/deberta/deberta_v3_small.onnxM,deberta_seq64_lay6
distill_bert_384 : fp16,参数量ath: model_zoo/models/distill_bert/distill_bert_384.onnxM,distill_bert_384
model_politics_scorer_64_fp32_11 : fp16,参数量100.98M,model_politics_scorer_64_fp32_11
model_video_porn_scorer_32_fp32_11 : fp16,参数量100.98M,model_video_porn_scorer_32_fp32_11
roberta_pt_fp32 : fp16,参数量118.31M,roberta_pt_fp32
roberta_zh : fp16,参数量314.95M,roberta_zh
roformer_tf_fp32 : fp16,参数量ath: model_zoo/models/roformer/open_roformer-tf-fp32_modified2.onnxM,roformer_tf_fp32
rtcbert_onnx_fp32_11 : fp16,参数量141.54M,rtcbert_onnx_fp32_11
xlnet : fp16,参数量ath: model_zoo/models/xlnet/xlnet_opt4_without_iter.pb
origin line:Total   _                    0  100%               0  100%               0  100%        _          _M,xlnet
xlnet_onnx_fp32 : fp16,参数量ath: model_zoo/models/xlnet/xlnet.onnxM,xlnet_onnx_fp32
root@181df0cbaaa3:~/gitlab-runner/hs_mlperf# python3 multi_get.py 
PaddleOcrCnRec : fp16,参数量ath: benchmark/gpu_onnx_model/open_model/paddleocr_cn_rec/paddleocr_cn_rec.onnxM,PaddleOcrCnRec
attention_ocr : fp16,参数量ath: private_model_zoo/ctyun/attention_ocr/attention_ocr_b_64.onnxM,attention_ocr
crnn : fp16,参数量ath: model_zoo/models/crnn/crnn.onnxM,crnn
^CTraceback (most recent call last):
  File "multi_get.py", line 32, in <module>
    result = subprocess.run(command, shell=True, capture_output=True, text=True)
  File "/usr/lib/python3.7/subprocess.py", line 490, in run
    stdout, stderr = process.communicate(input, timeout=timeout)
  File "/usr/lib/python3.7/subprocess.py", line 964, in communicate
    stdout, stderr = self._communicate(input, endtime, timeout)
  File "/usr/lib/python3.7/subprocess.py", line 1731, in _communicate
    ready = selector.select(timeout)
  File "/usr/lib/python3.7/selectors.py", line 415, in select
    fd_event_list = self._selector.poll(timeout)
PaddleOcrCnRec : fp16,参数量ath: benchmark/gpu_onnx_model/open_model/paddleocr_cn_rec/paddleocr_cn_rec.onnxM,PaddleOcrCnRec
attention_ocr : fp16,参数量ath: private_model_zoo/ctyun/attention_ocr/attention_ocr_b_64.onnxM,attention_ocr
crnn : fp16,参数量ath: model_zoo/models/crnn/crnn.onnxM,crnn
crnn_r34_ppocr : fp16,参数量ath: model_zoo/models/crnn/rec_crnnM,crnn_r34_ppocr
dbnet_mv3 : fp16,参数量ath: benchmark/gpu_onnx_model/open_model/paddle-dbnet/dbnet-mv3.onnxM,dbnet_mv3
dbnet_resnet50_vd : fp16,参数量ath: benchmark/gpu_onnx_model/open_model/paddle-dbnet/dbnet-resnet50-vd.onnxM,dbnet_resnet50_vd
ocr_decoder : fp16,参数量ath: model_zoo/models/ocr/decoder/ocr_cnn_decoder_N_split.onnxM,ocr_decoder
ocr_encoder : fp16,参数量ath: model_zoo/models/ocr/encoder/ocr_cnn_encoder_N.onnxM,ocr_encoder
DF_debias : fp16,参数量ath: toolutils/converted_models/DF_debias.onnx
origin line:Total                            _          _                 _                     _               1,375,255,728   100%        100,314,644  100%        4,624,811  100%        _          _M,DF_debias
NCF : fp16,参数量ath: model_zoo/models/ncf/ncf.onnxM,NCF
aweme_ctr_base1501646 : fp16,参数量9.04M,aweme_ctr_base1501646
aweme_cypher_norbert_send_seq_iw_afs_r1765296_0 : fp16,参数量ath: toolutils/converted_models/aweme_cypher_norbert_send_seq_iw_afs_r1765296_0.onnxM,aweme_cypher_norbert_send_seq_iw_afs_r1765296_0
aweme_cypher_realtime : fp16,参数量3.24M,aweme_cypher_realtime
aweme_recall_base : fp16,参数量ath: private_model_zoo/bytedance/aweme_recall_base/aweme_recall_base_batch_8.onnxM,aweme_recall_base
aweme_recall_ctr_base : fp16,参数量1.9M,aweme_recall_ctr_base
aweme_rough : fp16,参数量0.09M,aweme_rough
aweme_sail_model_zhangze_onnx_fp32_11 : fp16,参数量ath: toolutils/converted_models/aweme_sail_model_zhangze_onnx_fp32_11.onnxM,aweme_sail_model_zhangze_onnx_fp32_11
aweme_search_ctr : fp16,参数量ath: toolutils/converted_models/aweme_search_ctr.onnxM,aweme_search_ctr
aweme_st_interactive_onnx_fp32_11 : fp16,参数量7.25M,aweme_st_interactive_onnx_fp32_11
aweme_staytime : fp16,参数量1.43M,aweme_staytime
cvr_pack_dcn_mmcn : fp16,参数量ath: toolutils/converted_models/cvr_pack_dcn_mmcn.onnxM,cvr_pack_dcn_mmcn
cypher_cvr_b1582402 : fp16,参数量ath: toolutils/converted_models/cypher_cvr_b1582402.onnxM,cypher_cvr_b1582402
deep_interest : fp16,参数量ath: model_zoo/models/deep_interest/deep_interest_eval_modify_64.onnxM,deep_interest
deepfm : fp16,参数量ath: model_zoo/models/deep_fm/inference/tensorflow/DeepFM_Forward_Model.pb
origin line:Total   _                    0  100%               0  100%               0  100%        _          _M,deepfm
dfn : fp16,参数量0.27M,dfn
dlrm : fp16,参数量1.26M,dlrm
experience_model_split : fp16,参数量ath: toolutils/converted_models/experience_model_split.onnxM,experience_model_split
gip_cypher_ltr_onnx_fp32_11 : fp16,参数量ath: private_model_zoo/bytedance/gip_cypher_ltr_b1582836_feature_align_rebase_r1709604_0/gip_cypher_ltr_b1582836_feature_align_rebase_r1709604_0_1536.onnx

****************************************************************
Please note that Weight Tensors Sharing is detected:
Tensor:relay2onnx_const_230 
Shared by: 
            multiply_0_1_span
            multiply_7_1_span

****************************************************************
origin line:Total                               _          _                 _                     _               1,808,521,264   100%        134,035,324  100%        7,106,506  100%        _           _M,gip_cypher_ltr_onnx_fp32_11
ipnn : fp16,参数量25.39M,ipnn
kpnn : fp16,参数量25.4M,kpnn
mmoe_XL : fp16,参数量ath: model_zoo/models/mmoe_large/mmoe_8_16.onnxM,mmoe_XL
mmoe_large : fp16,参数量ath: model_zoo/models/mmoe_large/mmoe_8_16.onnxM,mmoe_large
opnn : fp16,参数量25.39M,opnn
preclk_sail : fp16,参数量8.52M,preclk_sail
sail_cypher_ctr_aid_realtime_b1585413 : fp16,参数量ath: toolutils/converted_models/sail_cypher_ctr_aid_realtime_b1585413.onnxM,sail_cypher_ctr_aid_realtime_b1585413
wdl : fp16,参数量ath: model_zoo/models/wide_deep/inference/tensorflow/wide_deep_fp32_pretrained_model.pb
origin line:Total   _                    0  100%               0  100%               0  100%        _          _M,wdl
wdl_tf_fp32 : fp16,参数量ath: model_zoo/models/wide_deep/inference/tensorflow/open_widedeep-tf-fp32.pb
origin line:Total   _                    0  100%               0  100%               0  100%        _          _M,wdl_tf_fp32
ECAPA-TDNN : fp16,参数量ath: model_zoo/models/ECAPA-TDNN/ECAPA-TDNN.onnxM,ECAPA-TDNN
ECAPA-TDNN_s400 : fp16,参数量ath: model_zoo/models/ECAPA-TDNN/ECAPA-TDNN.onnxM,ECAPA-TDNN_s400
conformer_speech_pt_fp32_large : fp16,参数量ath: model_zoo/models/conformer_speech/conformer_speech_large-pt-fp32.onnxM,conformer_speech_pt_fp32_large
conformer_speech_pt_fp32_medium : fp16,参数量ath: model_zoo/models/conformer_speech/conformer_speech_medium-pt-fp32.onnxM,conformer_speech_pt_fp32_medium
conformer_speech_pt_fp32_small : fp16,参数量ath: model_zoo/models/conformer_speech/conformer_speech_small-pt-fp32.onnxM,conformer_speech_pt_fp32_small
meter : fp16,参数量56.89M,meter
videobert_t_onnx_fp32_11 : fp16,参数量169.61M,videobert_t_onnx_fp32_11
videobert_v_onnx_fp32_11 : fp16,参数量22.64M,videobert_v_onnx_fp32_11
